C51 COMPILER V7.06   SOUND                                                                 01/26/2010 20:27:53 PAGE 1   


C51 COMPILER V7.06, COMPILATION OF MODULE SOUND
OBJECT MODULE PLACED IN Sound.OBJ
COMPILER INVOKED BY: C:\Program Files\C51\BIN\C51.EXE Sound.c BROWSE DEBUG OBJECTEXTEND

stmt level    source

   1          //开机播放"下面演示小车避障实验,请按K1键开始"
   2          //然后按下K1键,小车开始前进,当遇到障碍特时,小车发出"太危险了",然后开始避障
   3          
   4          
   5          #include <at89x51.h>                      //包含51单片机相关的头文件
   6          #define uchar unsigned char
   7          #define uint unsigned int
   8          sbit LeftLed=P2^4;                        //定义前方左侧指示灯端口
   9          sbit RightLed=P2^5;                       //定义前方右侧指示灯端口
  10          sbit LeftIR=P3^6;                         //定义前方左侧红外探头端口
  11          sbit RightIR=P3^5;                        //定义前方右侧红外探头端口
  12          sbit FontIR=P3^7;                         //定义前方正前方红外探头端口
  13          sbit IN1=P1^0;                                          //左轮前进后退控制
  14          sbit IN3=P1^1;                                          //右轮前进后退控制
  15          sbit EN1=P1^2;                                          //左轮转动速度控制
  16          sbit EN2=P1^3;                                          //右轮转动速度控制
  17          sbit BEEP=P1^6;                                         //蜂鸣器
  18          uint tim=0;     
  19          sbit K1=P2^4;
  20          
  21          sbit play=P0^0;
  22          sbit fwd=P0^1; 
  23          bit up_flag=0;
  24          bit down_flag=0;
  25          bit stop_flag=0;
  26          
  27          /********以下是延时函数********/
  28          void Delay_ms(uint xms)                         
  29          {
  30   1              uint i,j;
  31   1              for(i=xms;i>0;i--)                    //i=xms即延时约xms毫秒
  32   1                      for(j=110;j>0;j--);
  33   1      }
  34          /*********以下是蜂鸣器响一声函数********/
  35          void  beep()
  36          {
  37   1        BEEP=0;                       //蜂鸣器响
  38   1        Delay_ms(100); 
  39   1        BEEP=1;                       //关闭蜂鸣器
  40   1        Delay_ms(100);    
  41   1      }
  42          
  43          
  44          
  45          
  46          void Delay()                              //定义机器人调转子时间子程序
  47          { unsigned int DelayTime=50000;           //定义机器人转弯时间变量
  48   1        while(DelayTime--);                     //机器人转弯循环
  49   1        BEEP=!BEEP;                               //蜂鸣器闪响
  50   1        return;
  51   1      }
  52          
  53          void ControlCar(unsigned char ConType)    //定义电机控制子程序
  54          {
  55   1      // EN1=1;   
C51 COMPILER V7.06   SOUND                                                                 01/26/2010 20:27:53 PAGE 2   

  56   1      // EN2=1;  
  57   1       switch(ConType)                          //判断用户设定电机形式
  58   1       {
  59   2              case 1:                                                                 //前进                         
  60   2              {
  61   3                      ET0=1; IN1=1;IN3=1;LeftLed=1;RightLed=1;//小车前进,左右两指示灯熄灭  
  62   3              break;
  63   3              }
  64   2              case 2:                                                                 //后退    
  65   2              { 
  66   3                      ET0=1; IN1=0;IN3=0;LeftLed=0;RightLed=0;//小车后退,左右两指示灯点亮
  67   3              break;
  68   3              }
  69   2              case 3:                                                                         //左转                     
  70   2              { 
  71   3                      ET0=1; IN1=0;IN3=1;LeftLed=0;RightLed=1;//小车左转,左指示灯点亮
  72   3                      break;
  73   3              }
  74   2              case 4:                                                                         //右转 
  75   2              { 
  76   3                      ET0=1; IN1=1;IN3=0;LeftLed=1;RightLed=0;//小车右转,右指示灯点亮
  77   3                      break;
  78   3              }
  79   2              case 5:                                                                 //停止
  80   2              {
  81   3                      ET0=0; EN1=1;EN2=1;IN1=1;IN3=1;LeftLed=1;RightLed=1;//关闭定时器T0,小车停止,左右两指示灯熄灭    
  82   3                      break;                                //退出当前选择
  83   3              }
  84   2       }
  85   1      }
  86          
  87          void timer_init()  
  88          {
  89   1              TMOD=0x01;             //定时器0工作在方式1
  90   1              ET0=1;                 //定时器0中断允许
  91   1              TH0=0xfc;         //定时1ms
  92   1              TL0=0x66;
  93   1              TR0=1;                 //定时器0开始计数
  94   1              EA=1;                  //系统中断允许
  95   1      }
  96          
  97          void main()                               //主程序入口
  98          {
  99   1        bit RunFlag=0;                          //定义小车运行标志位
 100   1      timer_init();
 101   1        ControlCar(5);                          //小车初始时处于停止状态
 102   1                      fwd=0;
 103   1              beep();
 104   1              fwd=1;
 105   1       Delay_ms(2000);
 106   1              play=0;                                                         //播放第一段"小车避障实验现在开始,做得不好,请多多指导!"
 107   1              beep();
 108   1              play=1;
 109   1      Delay_ms(8000);
 110   1                      fwd=0;
 111   1              beep();
 112   1              fwd=1;
 113   1      while(K1);
 114   1      
 115   1       while(1)                                //程序主循环
 116   1        {
 117   2      ControlCar(1); 
C51 COMPILER V7.06   SOUND                                                                 01/26/2010 20:27:53 PAGE 3   

 118   2         if(FontIR==0 )//|| LeftIR==1 || RightIR==1) //判断前方,左侧,右侧是否有信号输入  
 119   2         {ControlCar(2);                        //让小车后退
 120   3              Delay();                              //开始小车后退延时子程序
 121   3              Delay();                              //决定了小车后退的步数
 122   3      //      Delay();                              //改变它可以改小车后退的距离
 123   3      //      Delay();                              //这里只是一个延时
 124   3      //
 125   3              play=0;                                                         //播放第二段"太危险了!"
 126   3              beep();
 127   3              play=1;
 128   3          ControlCar(3);                        //改变小车为左转方向
 129   3              Delay();                              //开始小车左转延时子程序
 130   3              Delay();                              //改变它可以改变小车旋转的角度
 131   3      //      Delay();                              //同上
 132   3      //      Delay();                              //同上
 133   3              ControlCar(1);                        //改变小车为前进运行状态
 134   3              //SB1=1;                                //这个多一步将蜂鸣器关闭
 135   3         }
 136   2         
 137   2        }
 138   1      }
 139          
 140          void Timer0(void) interrupt 1        //定时器0中断处理函数入口
 141          {
 142   1              TH0=0xfc;         //定时1ms
 143   1          TL0=0x66;   
 144   1              EA=0;                               //关中断
 145   1              tim=tim+1;                        //时间计数加1
 146   1              if(tim<20){EN1=0;EN2=0;}        //若tim小于20,则允许小车转动          
 147   1              else {EN1=1;EN2=1;}                             //若tim大于20,则小车停止转动
 148   1              if(tim==100)tim=0;                              //占空比为20%   
 149   1              EA=1;                              //开中断
 150   1      }
 151          
 152          
 153          


MODULE INFORMATION:   STATIC OVERLAYABLE
   CODE SIZE        =    294    ----
   CONSTANT SIZE    =   ----    ----
   XDATA SIZE       =   ----    ----
   PDATA SIZE       =   ----    ----
   DATA SIZE        =      2    ----
   IDATA SIZE       =   ----    ----
   BIT SIZE         =      3       1
END OF MODULE INFORMATION.


C51 COMPILATION COMPLETE.  0 WARNING(S),  0 ERROR(S)
